[INFO] Scanning for projects...
[INFO] 
[INFO] ----------------< com.campusstudyhub:campus-study-hub >-----------------
[INFO] Building Campus Study Hub 1.0.0
[INFO]   from pom.xml
[INFO] --------------------------------[ jar ]---------------------------------
[INFO] 
[INFO] --- clean:3.3.2:clean (default-clean) @ campus-study-hub ---
[INFO] Deleting E:\Vibe_Codes\campus_study\target
[INFO] 
[INFO] --- resources:3.3.1:resources (default-resources) @ campus-study-hub ---
[INFO] Copying 1 resource from src\main\resources to target\classes
[INFO] Copying 18 resources from src\main\resources to target\classes
[INFO] 
[INFO] --- compiler:3.11.0:compile (default-compile) @ campus-study-hub ---
[INFO] Changes detected - recompiling the module! :source
[INFO] Compiling 32 source files with javac [debug release 17] to target\classes
[INFO] ------------------------------------------------------------------------
[INFO] BUILD SUCCESS
[INFO] ------------------------------------------------------------------------
[INFO] Total time:  2.872 s
[INFO] Finished at: 2026-01-29T13:08:33+05:30
[INFO] ------------------------------------------------------------------------
